[anannniyaa.couponcorners.com/indexad17.html]
[backblue.gif]
[fade.gif]
[index.html]
[cdnjs.cloudflare.com/ajax/libs/OwlCarousel2/2.2.1/assets/owl.carousel.min.css]
[cdnjs.cloudflare.com/ajax/libs/OwlCarousel2/2.2.1/assets/owl.theme.default.css]
[anannniyaa.couponcorners.com/css/style.css]
[cdnjs.cloudflare.com/ajax/libs/font-awesome/5.15.3/css/all.min.css]
[anannniyaa.couponcorners.com/style.css]
[anannniyaa.couponcorners.com/adsterrapic/1.jpg]
[anannniyaa.couponcorners.com/adsterrapic/2.jpg]
[anannniyaa.couponcorners.com/adsterrapic/3.jpg]
[anannniyaa.couponcorners.com/adsterrapic/4.jpg]
[anannniyaa.couponcorners.com/adsterrapic/5.jpg]
[anannniyaa.couponcorners.com/adsterrapic/6.jpg]
[anannniyaa.couponcorners.com/adsterrapic/7.jpg]
[code.jquery.com/jquery-3.3.1.js]
[cdnjs.cloudflare.com/ajax/libs/OwlCarousel2/2.2.1/owl.carousel.min.js]
[anannniyaa.couponcorners.com/js/app.js]
[anannniyaa.couponcorners.com/indexad17.html]
[cdnjs.cloudflare.com/ajax/libs/OwlCarousel2/2.2.1/assets/owl.carousel.min.css]
[cdnjs.cloudflare.com/ajax/libs/OwlCarousel2/2.2.1/assets/owl.theme.default.css]
[anannniyaa.couponcorners.com/css/style.html]
[cdnjs.cloudflare.com/ajax/libs/font-awesome/5.15.3/css/all.min.css]
[anannniyaa.couponcorners.com/style.css]
[anannniyaa.couponcorners.com/js/app.html]
[cdnjs.cloudflare.com/ajax/libs/OwlCarousel2/2.2.1/assets/owl.video.play.png]
